******************************************************************************
                  TI ARM Linker PC v18.12.7                    
******************************************************************************
>> Linked Tue Feb 23 12:08:11 2021

OUTPUT FILE NAME:   <f91_smart_watch_app.out>
ENTRY POINT SYMBOL: "ResetISR"  address: 0000c47d


MEMORY CONFIGURATION

         name            origin    length      used     unused   attr    fill
----------------------  --------  ---------  --------  --------  ----  --------
  FLASH                 00000000   0001f000  000118ad  0000d753  R  X
  FLASH_LAST_PAGE       0001f000   00001000  00000058  00000fa8  R  X
  SRAM                  20000000   00004400  000022e5  0000211b  RW X


SEGMENT ALLOCATION MAP

run origin  load origin   length   init length attrs members
----------  ----------- ---------- ----------- ----- -------
00000000    00000000    000108b4   000108b4    r-x
  00000000    00000000    0000003c   0000003c    r-- .resetVecs
  0000003c    0000003c    00000fc4   00000fc4    r-x .text.1
  00001000    00001000    00000028   00000028    r-- .const:ti_sysbios_heaps_HeapMem_Module__FXNS__C
  00001028    00001028    00000024   00000024    r-- .const:ti_sysbios_gates_GateHwi_Module__FXNS__C
  0000104c    0000104c    00000024   00000024    r-- .const:ti_sysbios_gates_GateMutex_Module__FXNS__C
  00001070    00001070    00000020   00000020    r-- .const:ti_sysbios_family_arm_m3_Hwi_Object__DESC__C
  00001090    00001090    00000020   00000020    r-- .const:ti_sysbios_gates_GateHwi_Object__DESC__C
  000010b0    000010b0    00000020   00000020    r-- .const:ti_sysbios_gates_GateMutex_Object__DESC__C
  000010d0    000010d0    00000020   00000020    r-- .const:ti_sysbios_hal_Hwi_Object__DESC__C
  000010f0    000010f0    00000020   00000020    r-- .const:ti_sysbios_heaps_HeapMem_Object__DESC__C
  00001110    00001110    00000020   00000020    r-- .const:ti_sysbios_knl_Clock_Object__DESC__C
  00001130    00001130    00000020   00000020    r-- .const:ti_sysbios_knl_Event_Object__DESC__C
  00001150    00001150    00000020   00000020    r-- .const:ti_sysbios_knl_Mailbox_Object__DESC__C
  00001170    00001170    00000020   00000020    r-- .const:ti_sysbios_knl_Queue_Object__DESC__C
  00001190    00001190    00000020   00000020    r-- .const:ti_sysbios_knl_Semaphore_Object__DESC__C
  000011b0    000011b0    00000020   00000020    r-- .const:ti_sysbios_knl_Swi_Object__DESC__C
  000011d0    000011d0    00000020   00000020    r-- .const:ti_sysbios_knl_Task_Object__DESC__C
  000011f0    000011f0    00000008   00000008    r-- .const:ti_sysbios_knl_Idle_funcList__C
  000011f8    000011f8    00000004   00000004    r-- .const:ti_sysbios_family_arm_cc26xx_Timer_startupNeeded__C
  000011fc    000011fc    00000004   00000004    r-- .const:ti_sysbios_family_arm_m3_Hwi_E_alreadyDefined__C
  00001200    00001200    00000004   00000004    r-- .const:ti_sysbios_family_arm_m3_Hwi_E_hwiLimitExceeded__C
  00001204    00001204    00000004   00000004    r-- .const:ti_sysbios_family_arm_m3_Hwi_NUM_INTERRUPTS__C
  00001208    00001208    00000004   00000004    r-- .const:ti_sysbios_family_arm_m3_Hwi_Object__count__C
  0000120c    0000120c    00000004   00000004    r-- .const:ti_sysbios_family_arm_m3_Hwi_Object__table__C
  00001210    00001210    00000004   00000004    r-- .const:ti_sysbios_family_arm_m3_Hwi_ccr__C
  00001214    00001214    00000004   00000004    r-- .const:ti_sysbios_family_arm_m3_Hwi_excHandlerFunc__C
  00001218    00001218    00000004   00000004    r-- .const:ti_sysbios_family_arm_m3_Hwi_nullIsrFunc__C
  0000121c    0000121c    00000004   00000004    r-- .const:ti_sysbios_family_arm_m3_Hwi_numSparseInterrupts__C
  00001220    00001220    00000004   00000004    r-- .const:ti_sysbios_family_arm_m3_Hwi_priGroup__C
  00001224    00001224    00000004   00000004    r-- .const:ti_sysbios_family_arm_m3_TaskSupport_stackAlignment__C
  00001228    00001228    00000004   00000004    r-- .const:ti_sysbios_heaps_HeapMem_E_memory__C
  0000122c    0000122c    00000004   00000004    r-- .const:ti_sysbios_heaps_HeapMem_Module__gateObj__C
  00001230    00001230    00000004   00000004    r-- .const:ti_sysbios_heaps_HeapMem_Object__count__C
  00001234    00001234    00000004   00000004    r-- .const:ti_sysbios_heaps_HeapMem_Object__table__C
  00001238    00001238    00000004   00000004    r-- .const:ti_sysbios_heaps_HeapMem_reqAlign__C
  0000123c    0000123c    00000004   00000004    r-- .const:ti_sysbios_knl_Clock_triggerClock__C
  00001240    00001240    00000004   00000004    r-- .const:ti_sysbios_knl_Mailbox_Object__count__C
  00001244    00001244    00000004   00000004    r-- .const:ti_sysbios_knl_Mailbox_Object__table__C
  00001248    00001248    00000004   00000004    r-- .const:ti_sysbios_knl_Mailbox_maxTypeAlign__C
  0000124c    0000124c    00000004   00000004    r-- .const:ti_sysbios_knl_Queue_Object__count__C
  00001250    00001250    00000004   00000004    r-- .const:ti_sysbios_knl_Queue_Object__table__C
  00001254    00001254    00000004   00000004    r-- .const:ti_sysbios_knl_Semaphore_eventPost__C
  00001258    00001258    00000004   00000004    r-- .const:ti_sysbios_knl_Semaphore_eventSync__C
  0000125c    0000125c    00000004   00000004    r-- .const:ti_sysbios_knl_Swi_Object__count__C
  00001260    00001260    00000004   00000004    r-- .const:ti_sysbios_knl_Swi_Object__table__C
  00001264    00001264    00000004   00000004    r-- .const:ti_sysbios_knl_Swi_numPriorities__C
  00001268    00001268    00000004   00000004    r-- .const:ti_sysbios_knl_Task_Object__count__C
  0000126c    0000126c    00000004   00000004    r-- .const:ti_sysbios_knl_Task_Object__table__C
  00001270    00001270    00000004   00000004    r-- .const:ti_sysbios_knl_Task_allBlockedFunc__C
  00001274    00001274    00000004   00000004    r-- .const:ti_sysbios_knl_Task_defaultStackHeap__C
  00001278    00001278    00000004   00000004    r-- .const:ti_sysbios_knl_Task_defaultStackSize__C
  0000127c    0000127c    00000004   00000004    r-- .const:ti_sysbios_knl_Task_numConstructedTasks__C
  00001280    00001280    00000002   00000002    r-- .const:ti_sysbios_family_arm_cc26xx_Timer_Module__id__C
  00001282    00001282    00000002   00000002    r-- .const:ti_sysbios_family_arm_cc26xx_TimestampProvider_useClockTimer__C
  00001284    00001284    00000002   00000002    r-- .const:ti_sysbios_family_arm_m3_Hwi_Module__id__C
  00001286    00001286    00000002   00000002    r-- .const:ti_sysbios_gates_GateHwi_Module__id__C
  00001288    00001288    00000002   00000002    r-- .const:ti_sysbios_gates_GateMutex_Module__id__C
  0000128a    0000128a    00000002   00000002    r-- .const:ti_sysbios_heaps_HeapMem_Module__id__C
  0000128c    0000128c    00000002   00000002    r-- .const:ti_sysbios_knl_Task_initStackFlag__C
  0000128e    0000128e    00000001   00000001    r-- .const:ti_sysbios_knl_Clock_tickMode__C
  00001290    00001290    00000008   00000008    r-- .const:xdc_runtime_Startup_firstFxns__C
  00001298    00001298    00000008   00000008    r-- .const:xdc_runtime_Startup_lastFxns__C
  000012a0    000012a0    00000004   00000004    r-- .const:xdc_runtime_Assert_E_assertFailed__C
  000012a4    000012a4    00000004   00000004    r-- .const:xdc_runtime_Error_E_memory__C
  000012a8    000012a8    00000004   00000004    r-- .const:xdc_runtime_Error_policyFxn__C
  000012ac    000012ac    00000004   00000004    r-- .const:xdc_runtime_Error_raiseHook__C
  000012b0    000012b0    00000004   00000004    r-- .const:xdc_runtime_IGateProvider_Interface__BASE__C
  000012b4    000012b4    00000004   00000004    r-- .const:xdc_runtime_IHeap_Interface__BASE__C
  000012b8    000012b8    00000004   00000004    r-- .const:xdc_runtime_IModule_Interface__BASE__C
  000012bc    000012bc    00000004   00000004    r-- .const:xdc_runtime_Memory_defaultHeapInstance__C
  000012c0    000012c0    00000004   00000004    r-- .const:xdc_runtime_Startup_execImpl__C
  000012c4    000012c4    00000004   00000004    r-- .const:xdc_runtime_Startup_maxPasses__C
  000012c8    000012c8    00000004   00000004    r-- .const:xdc_runtime_Startup_sfxnRts__C
  000012cc    000012cc    00000004   00000004    r-- .const:xdc_runtime_Startup_sfxnTab__C
  000012d0    000012d0    00000004   00000004    r-- .const:xdc_runtime_Startup_startModsFxn__C
  000012d4    000012d4    00000004   00000004    r-- .const:xdc_runtime_SysCallback_abortFxn__C
  000012d8    000012d8    00000004   00000004    r-- .const:xdc_runtime_SysCallback_exitFxn__C
  000012dc    000012dc    00000004   00000004    r-- .const:xdc_runtime_System_abortFxn__C
  000012e0    000012e0    00000004   00000004    r-- .const:xdc_runtime_System_exitFxn__C
  000012e4    000012e4    00000004   00000004    r-- .const:xdc_runtime_System_maxAtexitHandlers__C
  000012e8    000012e8    00000004   00000004    r-- .const:xdc_runtime_Text_charTab__C
  000012ec    000012ec    00000004   00000004    r-- .const:xdc_runtime_Text_nameEmpty__C
  000012f0    000012f0    00000004   00000004    r-- .const:xdc_runtime_Text_nameStatic__C
  000012f4    000012f4    00000004   00000004    r-- .const:xdc_runtime_Text_nameUnknown__C
  000012f8    000012f8    00000002   00000002    r-- .const:xdc_runtime_Error_maxDepth__C
  000012fa    000012fa    00000002   00000002    r-- .const:xdc_runtime_Memory_Module__id__C
  000012fc    000012fc    00000002   00000002    r-- .const:xdc_runtime_Text_charCnt__C
  000012fe    000012fe    00000002   00000002    r-- .const:xdc_runtime_Text_isLoaded__C
  00001300    00001300    00000001   00000001    r-- .const:xdc_runtime_Error_policy__C
  00001304    00001304    00000004   00000004    r-- .const:ti_sysbios_rom_ROM_ti_sysbios_family_arm_cc26xx_Timer_getCount64__E
  00001308    00001308    00000004   00000004    r-- .const:ti_sysbios_rom_ROM_ti_sysbios_family_arm_cc26xx_Timer_getCurrentTick__E
  0000130c    0000130c    00000004   00000004    r-- .const:ti_sysbios_rom_ROM_ti_sysbios_family_arm_cc26xx_Timer_getMaxTicks__E
  00001310    00001310    00000004   00000004    r-- .const:ti_sysbios_rom_ROM_ti_sysbios_family_arm_cc26xx_Timer_initDevice__I
  00001314    00001314    00000004   00000004    r-- .const:ti_sysbios_rom_ROM_ti_sysbios_family_arm_cc26xx_Timer_setNextTick__E
  00001318    00001318    00000004   00000004    r-- .const:ti_sysbios_rom_ROM_ti_sysbios_family_arm_cc26xx_Timer_setThreshold__I
  0000131c    0000131c    00000004   00000004    r-- .const:ti_sysbios_rom_ROM_ti_sysbios_family_arm_cc26xx_Timer_start__E
  00001320    00001320    00000004   00000004    r-- .const:ti_sysbios_rom_ROM_ti_sysbios_family_arm_cc26xx_TimestampProvider_get32__E
  00001324    00001324    00000004   00000004    r-- .const:ti_sysbios_rom_ROM_xdc_runtime_Startup_getState__I
  00001328    00001328    00000004   00000004    r-- .const:ti_sysbios_rom_ROM_xdc_runtime_System_SupportProxy_abort__E
  0000132c    0000132c    00000004   00000004    r-- .const:ti_sysbios_rom_ROM_xdc_runtime_System_SupportProxy_exit__E
  00001330    00001330    0000dfc4   0000dfc4    r-x .text.2
  0000f2f4    0000f2f4    00000fe5   00000fe5    r-- .const
  000102dc    000102dc    000000a4   000000a4    r-- .rodata
  00010380    00010380    00000534   00000534    r-- .cinit
0001e000    0001e000    00001000   00001000    r--
  0001e000    0001e000    00001000   00001000    r-- .snvSectors
0001ffa8    0001ffa8    00000058   00000058    r--
  0001ffa8    0001ffa8    00000058   00000058    r-- .ccfg
20000100    20000100    00001e1f   00000000    rw-
  20000100    20000100    00000044   00000000    rw- .data:ti_sysbios_knl_Task_Module__state__V
  20000144    20000144    00000034   00000000    rw- .data:ti_sysbios_family_arm_m3_Hwi_Module__state__V
  20000178    20000178    0000002c   00000000    rw- .data:ti_sysbios_knl_Clock_Module__state__V
  200001a4    200001a4    00000024   00000000    rw- .data:ti_sysbios_BIOS_Module__state__V
  200001c8    200001c8    0000001c   00000000    rw- .data:ti_sysbios_knl_Swi_Module__state__V
  200001e4    200001e4    00000008   00000000    rw- .data:ti_sysbios_family_arm_cc26xx_Timer_Module__state__V
  200001ec    200001ec    00000004   00000000    rw- .data:ti_sysbios_family_arm_cc26xx_TimestampProvider_Module__state__V
  200001f0    200001f0    00000008   00000000    rw- .data:xdc_runtime_Startup_Module__state__V
  200001f8    200001f8    00000008   00000000    rw- .data:xdc_runtime_System_Module__state__V
  20000200    20000200    00000004   00000000    rw- .data:xdc_runtime_Memory_Module__state__V
  20000204    20000204    00000002   00000000    rw- .data:xdc_runtime_Error_Module__state__V
  20000208    20000208    000011ac   00000000    rw- .data
  200013b8    200013b8    00000b67   00000000    rw- .bss
20004000    20004000    00000400   00000000    rw-
  20004000    20004000    00000400   00000000    rw- .stack


SECTION ALLOCATION MAP

 output                                  attributes/
section   page    origin      length       input sections
--------  ----  ----------  ----------   ----------------
.const:ti_sysbios_heaps_HeapMem_Module__FXNS__C 
*          0    00001000    00000028     
                  00001000    00000028     app_ble_pem3.oem3 (.const:ti_sysbios_heaps_HeapMem_Module__FXNS__C)

.const:ti_sysbios_gates_GateHwi_Module__FXNS__C 
*          0    00001028    00000024     
                  00001028    00000024     app_ble_pem3.oem3 (.const:ti_sysbios_gates_GateHwi_Module__FXNS__C)

.const:ti_sysbios_gates_GateMutex_Module__FXNS__C 
*          0    0000104c    00000024     
                  0000104c    00000024     app_ble_pem3.oem3 (.const:ti_sysbios_gates_GateMutex_Module__FXNS__C)

.const:ti_sysbios_family_arm_m3_Hwi_Object__DESC__C 
*          0    00001070    00000020     
                  00001070    00000020     app_ble_pem3.oem3 (.const:ti_sysbios_family_arm_m3_Hwi_Object__DESC__C)

.const:ti_sysbios_gates_GateHwi_Object__DESC__C 
*          0    00001090    00000020     
                  00001090    00000020     app_ble_pem3.oem3 (.const:ti_sysbios_gates_GateHwi_Object__DESC__C)

.const:ti_sysbios_gates_GateMutex_Object__DESC__C 
*          0    000010b0    00000020     
                  000010b0    00000020     app_ble_pem3.oem3 (.const:ti_sysbios_gates_GateMutex_Object__DESC__C)

.const:ti_sysbios_hal_Hwi_Object__DESC__C 
*          0    000010d0    00000020     
                  000010d0    00000020     app_ble_pem3.oem3 (.const:ti_sysbios_hal_Hwi_Object__DESC__C)

.const:ti_sysbios_heaps_HeapMem_Object__DESC__C 
*          0    000010f0    00000020     
                  000010f0    00000020     app_ble_pem3.oem3 (.const:ti_sysbios_heaps_HeapMem_Object__DESC__C)

.const:ti_sysbios_knl_Clock_Object__DESC__C 
*          0    00001110    00000020     
                  00001110    00000020     app_ble_pem3.oem3 (.const:ti_sysbios_knl_Clock_Object__DESC__C)

.const:ti_sysbios_knl_Event_Object__DESC__C 
*          0    00001130    00000020     
                  00001130    00000020     app_ble_pem3.oem3 (.const:ti_sysbios_knl_Event_Object__DESC__C)

.const:ti_sysbios_knl_Mailbox_Object__DESC__C 
*          0    00001150    00000020     
                  00001150    00000020     app_ble_pem3.oem3 (.const:ti_sysbios_knl_Mailbox_Object__DESC__C)

.const:ti_sysbios_knl_Queue_Object__DESC__C 
*          0    00001170    00000020     
                  00001170    00000020     app_ble_pem3.oem3 (.const:ti_sysbios_knl_Queue_Object__DESC__C)

.const:ti_sysbios_knl_Semaphore_Object__DESC__C 
*          0    00001190    00000020     
                  00001190    00000020     app_ble_pem3.oem3 (.const:ti_sysbios_knl_Semaphore_Object__DESC__C)

.const:ti_sysbios_knl_Swi_Object__DESC__C 
*          0    000011b0    00000020     
                  000011b0    00000020     app_ble_pem3.oem3 (.const:ti_sysbios_knl_Swi_Object__DESC__C)

.const:ti_sysbios_knl_Task_Object__DESC__C 
*          0    000011d0    00000020     
                  000011d0    00000020     app_ble_pem3.oem3 (.const:ti_sysbios_knl_Task_Object__DESC__C)

.const:ti_sysbios_knl_Idle_funcList__C 
*          0    000011f0    00000008     
                  000011f0    00000008     app_ble_pem3.oem3 (.const:ti_sysbios_knl_Idle_funcList__C)

.const:ti_sysbios_family_arm_cc26xx_Timer_startupNeeded__C 
*          0    000011f8    00000004     
                  000011f8    00000004     app_ble_pem3.oem3 (.const:ti_sysbios_family_arm_cc26xx_Timer_startupNeeded__C)

.const:ti_sysbios_family_arm_m3_Hwi_E_alreadyDefined__C 
*          0    000011fc    00000004     
                  000011fc    00000004     app_ble_pem3.oem3 (.const:ti_sysbios_family_arm_m3_Hwi_E_alreadyDefined__C)

.const:ti_sysbios_family_arm_m3_Hwi_E_hwiLimitExceeded__C 
*          0    00001200    00000004     
                  00001200    00000004     app_ble_pem3.oem3 (.const:ti_sysbios_family_arm_m3_Hwi_E_hwiLimitExceeded__C)

.const:ti_sysbios_family_arm_m3_Hwi_NUM_INTERRUPTS__C 
*          0    00001204    00000004     
                  00001204    00000004     app_ble_pem3.oem3 (.const:ti_sysbios_family_arm_m3_Hwi_NUM_INTERRUPTS__C)

.const:ti_sysbios_family_arm_m3_Hwi_Object__count__C 
*          0    00001208    00000004     
                  00001208    00000004     app_ble_pem3.oem3 (.const:ti_sysbios_family_arm_m3_Hwi_Object__count__C)

.const:ti_sysbios_family_arm_m3_Hwi_Object__table__C 
*          0    0000120c    00000004     
                  0000120c    00000004     app_ble_pem3.oem3 (.const:ti_sysbios_family_arm_m3_Hwi_Object__table__C)

.const:ti_sysbios_family_arm_m3_Hwi_ccr__C 
*          0    00001210    00000004     
                  00001210    00000004     app_ble_pem3.oem3 (.const:ti_sysbios_family_arm_m3_Hwi_ccr__C)

.const:ti_sysbios_family_arm_m3_Hwi_excHandlerFunc__C 
*          0    00001214    00000004     
                  00001214    00000004     app_ble_pem3.oem3 (.const:ti_sysbios_family_arm_m3_Hwi_excHandlerFunc__C)

.const:ti_sysbios_family_arm_m3_Hwi_nullIsrFunc__C 
*          0    00001218    00000004     
                  00001218    00000004     app_ble_pem3.oem3 (.const:ti_sysbios_family_arm_m3_Hwi_nullIsrFunc__C)

.const:ti_sysbios_family_arm_m3_Hwi_numSparseInterrupts__C 
*          0    0000121c    00000004     
                  0000121c    00000004     app_ble_pem3.oem3 (.const:ti_sysbios_family_arm_m3_Hwi_numSparseInterrupts__C)

.const:ti_sysbios_family_arm_m3_Hwi_priGroup__C 
*          0    00001220    00000004     
                  00001220    00000004     app_ble_pem3.oem3 (.const:ti_sysbios_family_arm_m3_Hwi_priGroup__C)

.const:ti_sysbios_family_arm_m3_TaskSupport_stackAlignment__C 
*          0    00001224    00000004     
                  00001224    00000004     app_ble_pem3.oem3 (.const:ti_sysbios_family_arm_m3_TaskSupport_stackAlignment__C)

.const:ti_sysbios_heaps_HeapMem_E_memory__C 
*          0    00001228    00000004     
                  00001228    00000004     app_ble_pem3.oem3 (.const:ti_sysbios_heaps_HeapMem_E_memory__C)

.const:ti_sysbios_heaps_HeapMem_Module__gateObj__C 
*          0    0000122c    00000004     
                  0000122c    00000004     app_ble_pem3.oem3 (.const:ti_sysbios_heaps_HeapMem_Module__gateObj__C)

.const:ti_sysbios_heaps_HeapMem_Object__count__C 
*          0    00001230    00000004     
                  00001230    00000004     app_ble_pem3.oem3 (.const:ti_sysbios_heaps_HeapMem_Object__count__C)

.const:ti_sysbios_heaps_HeapMem_Object__table__C 
*          0    00001234    00000004     
                  00001234    00000004     app_ble_pem3.oem3 (.const:ti_sysbios_heaps_HeapMem_Object__table__C)

.const:ti_sysbios_heaps_HeapMem_reqAlign__C 
*          0    00001238    00000004     
                  00001238    00000004     app_ble_pem3.oem3 (.const:ti_sysbios_heaps_HeapMem_reqAlign__C)

.const:ti_sysbios_knl_Clock_triggerClock__C 
*          0    0000123c    00000004     
                  0000123c    00000004     app_ble_pem3.oem3 (.const:ti_sysbios_knl_Clock_triggerClock__C)

.const:ti_sysbios_knl_Mailbox_Object__count__C 
*          0    00001240    00000004     
                  00001240    00000004     app_ble_pem3.oem3 (.const:ti_sysbios_knl_Mailbox_Object__count__C)

.const:ti_sysbios_knl_Mailbox_Object__table__C 
*          0    00001244    00000004     
                  00001244    00000004     app_ble_pem3.oem3 (.const:ti_sysbios_knl_Mailbox_Object__table__C)

.const:ti_sysbios_knl_Mailbox_maxTypeAlign__C 
*          0    00001248    00000004     
                  00001248    00000004     app_ble_pem3.oem3 (.const:ti_sysbios_knl_Mailbox_maxTypeAlign__C)

.const:ti_sysbios_knl_Queue_Object__count__C 
*          0    0000124c    00000004     
                  0000124c    00000004     app_ble_pem3.oem3 (.const:ti_sysbios_knl_Queue_Object__count__C)

.const:ti_sysbios_knl_Queue_Object__table__C 
*          0    00001250    00000004     
                  00001250    00000004     app_ble_pem3.oem3 (.const:ti_sysbios_knl_Queue_Object__table__C)

.const:ti_sysbios_knl_Semaphore_eventPost__C 
*          0    00001254    00000004     
                  00001254    00000004     app_ble_pem3.oem3 (.const:ti_sysbios_knl_Semaphore_eventPost__C)

.const:ti_sysbios_knl_Semaphore_eventSync__C 
*          0    00001258    00000004     
                  00001258    00000004     app_ble_pem3.oem3 (.const:ti_sysbios_knl_Semaphore_eventSync__C)

.const:ti_sysbios_knl_Swi_Object__count__C 
*          0    0000125c    00000004     
                  0000125c    00000004     app_ble_pem3.oem3 (.const:ti_sysbios_knl_Swi_Object__count__C)

.const:ti_sysbios_knl_Swi_Object__table__C 
*          0    00001260    00000004     
                  00001260    00000004     app_ble_pem3.oem3 (.const:ti_sysbios_knl_Swi_Object__table__C)

.const:ti_sysbios_knl_Swi_numPriorities__C 
*          0    00001264    00000004     
                  00001264    00000004     app_ble_pem3.oem3 (.const:ti_sysbios_knl_Swi_numPriorities__C)

.const:ti_sysbios_knl_Task_Object__count__C 
*          0    00001268    00000004     
                  00001268    00000004     app_ble_pem3.oem3 (.const:ti_sysbios_knl_Task_Object__count__C)

.const:ti_sysbios_knl_Task_Object__table__C 
*          0    0000126c    00000004     
                  0000126c    00000004     app_ble_pem3.oem3 (.const:ti_sysbios_knl_Task_Object__table__C)

.const:ti_sysbios_knl_Task_allBlockedFunc__C 
*          0    00001270    00000004     
                  00001270    00000004     app_ble_pem3.oem3 (.const:ti_sysbios_knl_Task_allBlockedFunc__C)

.const:ti_sysbios_knl_Task_defaultStackHeap__C 
*          0    00001274    00000004     
                  00001274    00000004     app_ble_pem3.oem3 (.const:ti_sysbios_knl_Task_defaultStackHeap__C)

.const:ti_sysbios_knl_Task_defaultStackSize__C 
*          0    00001278    00000004     
                  00001278    00000004     app_ble_pem3.oem3 (.const:ti_sysbios_knl_Task_defaultStackSize__C)

.const:ti_sysbios_knl_Task_numConstructedTasks__C 
*          0    0000127c    00000004     
                  0000127c    00000004     app_ble_pem3.oem3 (.const:ti_sysbios_knl_Task_numConstructedTasks__C)

.const:ti_sysbios_family_arm_cc26xx_Timer_Module__id__C 
*          0    00001280    00000002     
                  00001280    00000002     app_ble_pem3.oem3 (.const:ti_sysbios_family_arm_cc26xx_Timer_Module__id__C)

.const:ti_sysbios_family_arm_cc26xx_TimestampProvider_useClockTimer__C 
*          0    00001282    00000002     
                  00001282    00000002     app_ble_pem3.oem3 (.const:ti_sysbios_family_arm_cc26xx_TimestampProvider_useClockTimer__C)

.const:ti_sysbios_family_arm_m3_Hwi_Module__id__C 
*          0    00001284    00000002     
                  00001284    00000002     app_ble_pem3.oem3 (.const:ti_sysbios_family_arm_m3_Hwi_Module__id__C)

.const:ti_sysbios_gates_GateHwi_Module__id__C 
*          0    00001286    00000002     
                  00001286    00000002     app_ble_pem3.oem3 (.const:ti_sysbios_gates_GateHwi_Module__id__C)

.const:ti_sysbios_gates_GateMutex_Module__id__C 
*          0    00001288    00000002     
                  00001288    00000002     app_ble_pem3.oem3 (.const:ti_sysbios_gates_GateMutex_Module__id__C)

.const:ti_sysbios_heaps_HeapMem_Module__id__C 
*          0    0000128a    00000002     
                  0000128a    00000002     app_ble_pem3.oem3 (.const:ti_sysbios_heaps_HeapMem_Module__id__C)

.const:ti_sysbios_knl_Task_initStackFlag__C 
*          0    0000128c    00000002     
                  0000128c    00000002     app_ble_pem3.oem3 (.const:ti_sysbios_knl_Task_initStackFlag__C)

.const:ti_sysbios_knl_Clock_tickMode__C 
*          0    0000128e    00000001     
                  0000128e    00000001     app_ble_pem3.oem3 (.const:ti_sysbios_knl_Clock_tickMode__C)

.const:xdc_runtime_Startup_firstFxns__C 
*          0    00001290    00000008     
                  00001290    00000008     app_ble_pem3.oem3 (.const:xdc_runtime_Startup_firstFxns__C)

.const:xdc_runtime_Startup_lastFxns__C 
*          0    00001298    00000008     
                  00001298    00000008     app_ble_pem3.oem3 (.const:xdc_runtime_Startup_lastFxns__C)

.const:xdc_runtime_Assert_E_assertFailed__C 
*          0    000012a0    00000004     
                  000012a0    00000004     app_ble_pem3.oem3 (.const:xdc_runtime_Assert_E_assertFailed__C)

.const:xdc_runtime_Error_E_memory__C 
*          0    000012a4    00000004     
                  000012a4    00000004     app_ble_pem3.oem3 (.const:xdc_runtime_Error_E_memory__C)

.const:xdc_runtime_Error_policyFxn__C 
*          0    000012a8    00000004     
                  000012a8    00000004     app_ble_pem3.oem3 (.const:xdc_runtime_Error_policyFxn__C)

.const:xdc_runtime_Error_raiseHook__C 
*          0    000012ac    00000004     
                  000012ac    00000004     app_ble_pem3.oem3 (.const:xdc_runtime_Error_raiseHook__C)

.const:xdc_runtime_IGateProvider_Interface__BASE__C 
*          0    000012b0    00000004     
                  000012b0    00000004     app_ble_pem3.oem3 (.const:xdc_runtime_IGateProvider_Interface__BASE__C)

.const:xdc_runtime_IHeap_Interface__BASE__C 
*          0    000012b4    00000004     
                  000012b4    00000004     app_ble_pem3.oem3 (.const:xdc_runtime_IHeap_Interface__BASE__C)

.const:xdc_runtime_IModule_Interface__BASE__C 
*          0    000012b8    00000004     
                  000012b8    00000004     app_ble_pem3.oem3 (.const:xdc_runtime_IModule_Interface__BASE__C)

.const:xdc_runtime_Memory_defaultHeapInstance__C 
*          0    000012bc    00000004     
                  000012bc    00000004     app_ble_pem3.oem3 (.const:xdc_runtime_Memory_defaultHeapInstance__C)

.const:xdc_runtime_Startup_execImpl__C 
*          0    000012c0    00000004     
                  000012c0    00000004     app_ble_pem3.oem3 (.const:xdc_runtime_Startup_execImpl__C)

.const:xdc_runtime_Startup_maxPasses__C 
*          0    000012c4    00000004     
                  000012c4    00000004     app_ble_pem3.oem3 (.const:xdc_runtime_Startup_maxPasses__C)

.const:xdc_runtime_Startup_sfxnRts__C 
*          0    000012c8    00000004     
                  000012c8    00000004     app_ble_pem3.oem3 (.const:xdc_runtime_Startup_sfxnRts__C)

.const:xdc_runtime_Startup_sfxnTab__C 
*          0    000012cc    00000004     
                  000012cc    00000004     app_ble_pem3.oem3 (.const:xdc_runtime_Startup_sfxnTab__C)

.const:xdc_runtime_Startup_startModsFxn__C 
*          0    000012d0    00000004     
                  000012d0    00000004     app_ble_pem3.oem3 (.const:xdc_runtime_Startup_startModsFxn__C)

.const:xdc_runtime_SysCallback_abortFxn__C 
*          0    000012d4    00000004     
                  000012d4    00000004     app_ble_pem3.oem3 (.const:xdc_runtime_SysCallback_abortFxn__C)

.const:xdc_runtime_SysCallback_exitFxn__C 
*          0    000012d8    00000004     
                  000012d8    00000004     app_ble_pem3.oem3 (.const:xdc_runtime_SysCallback_exitFxn__C)

.const:xdc_runtime_System_abortFxn__C 
*          0    000012dc    00000004     
                  000012dc    00000004     app_ble_pem3.oem3 (.const:xdc_runtime_System_abortFxn__C)

.const:xdc_runtime_System_exitFxn__C 
*          0    000012e0    00000004     
                  000012e0    00000004     app_ble_pem3.oem3 (.const:xdc_runtime_System_exitFxn__C)

.const:xdc_runtime_System_maxAtexitHandlers__C 
*          0    000012e4    00000004     
                  000012e4    00000004     app_ble_pem3.oem3 (.const:xdc_runtime_System_maxAtexitHandlers__C)

.const:xdc_runtime_Text_charTab__C 
*          0    000012e8    00000004     
                  000012e8    00000004     app_ble_pem3.oem3 (.const:xdc_runtime_Text_charTab__C)

.const:xdc_runtime_Text_nameEmpty__C 
*          0    000012ec    00000004     
                  000012ec    00000004     app_ble_pem3.oem3 (.const:xdc_runtime_Text_nameEmpty__C)

.const:xdc_runtime_Text_nameStatic__C 
*          0    000012f0    00000004     
                  000012f0    00000004     app_ble_pem3.oem3 (.const:xdc_runtime_Text_nameStatic__C)

.const:xdc_runtime_Text_nameUnknown__C 
*          0    000012f4    00000004     
                  000012f4    00000004     app_ble_pem3.oem3 (.const:xdc_runtime_Text_nameUnknown__C)

.const:xdc_runtime_Error_maxDepth__C 
*          0    000012f8    00000002     
                  000012f8    00000002     app_ble_pem3.oem3 (.const:xdc_runtime_Error_maxDepth__C)

.const:xdc_runtime_Memory_Module__id__C 
*          0    000012fa    00000002     
                  000012fa    00000002     app_ble_pem3.oem3 (.const:xdc_runtime_Memory_Module__id__C)

.const:xdc_runtime_Text_charCnt__C 
*          0    000012fc    00000002     
                  000012fc    00000002     app_ble_pem3.oem3 (.const:xdc_runtime_Text_charCnt__C)

.const:xdc_runtime_Text_isLoaded__C 
*          0    000012fe    00000002     
                  000012fe    00000002     app_ble_pem3.oem3 (.const:xdc_runtime_Text_isLoaded__C)

.const:xdc_runtime_Error_policy__C 
*          0    00001300    00000001     
                  00001300    00000001     app_ble_pem3.oem3 (.const:xdc_runtime_Error_policy__C)

.const:ti_sysbios_rom_ROM_ti_sysbios_family_arm_cc26xx_Timer_getCount64__E 
*          0    00001304    00000004     
                  00001304    00000004     app_ble_pem3.oem3 (.const:ti_sysbios_rom_ROM_ti_sysbios_family_arm_cc26xx_Timer_getCount64__E)

.const:ti_sysbios_rom_ROM_ti_sysbios_family_arm_cc26xx_Timer_getCurrentTick__E 
*          0    00001308    00000004     
                  00001308    00000004     app_ble_pem3.oem3 (.const:ti_sysbios_rom_ROM_ti_sysbios_family_arm_cc26xx_Timer_getCurrentTick__E)

.const:ti_sysbios_rom_ROM_ti_sysbios_family_arm_cc26xx_Timer_getMaxTicks__E 
*          0    0000130c    00000004     
                  0000130c    00000004     app_ble_pem3.oem3 (.const:ti_sysbios_rom_ROM_ti_sysbios_family_arm_cc26xx_Timer_getMaxTicks__E)

.const:ti_sysbios_rom_ROM_ti_sysbios_family_arm_cc26xx_Timer_initDevice__I 
*          0    00001310    00000004     
                  00001310    00000004     app_ble_pem3.oem3 (.const:ti_sysbios_rom_ROM_ti_sysbios_family_arm_cc26xx_Timer_initDevice__I)

.const:ti_sysbios_rom_ROM_ti_sysbios_family_arm_cc26xx_Timer_setNextTick__E 
*          0    00001314    00000004     
                  00001314    00000004     app_ble_pem3.oem3 (.const:ti_sysbios_rom_ROM_ti_sysbios_family_arm_cc26xx_Timer_setNextTick__E)

.const:ti_sysbios_rom_ROM_ti_sysbios_family_arm_cc26xx_Timer_setThreshold__I 
*          0    00001318    00000004     
                  00001318    00000004     app_ble_pem3.oem3 (.const:ti_sysbios_rom_ROM_ti_sysbios_family_arm_cc26xx_Timer_setThreshold__I)

.const:ti_sysbios_rom_ROM_ti_sysbios_family_arm_cc26xx_Timer_start__E 
*          0    0000131c    00000004     
                  0000131c    00000004     app_ble_pem3.oem3 (.const:ti_sysbios_rom_ROM_ti_sysbios_family_arm_cc26xx_Timer_start__E)

.const:ti_sysbios_rom_ROM_ti_sysbios_family_arm_cc26xx_TimestampProvider_get32__E 
*          0    00001320    00000004     
                  00001320    00000004     app_ble_pem3.oem3 (.const:ti_sysbios_rom_ROM_ti_sysbios_family_arm_cc26xx_TimestampProvider_get32__E)

.const:ti_sysbios_rom_ROM_xdc_runtime_Startup_getState__I 
*          0    00001324    00000004     
                  00001324    00000004     app_ble_pem3.oem3 (.const:ti_sysbios_rom_ROM_xdc_runtime_Startup_getState__I)

.const:ti_sysbios_rom_ROM_xdc_runtime_System_SupportProxy_abort__E 
*          0    00001328    00000004     
                  00001328    00000004     app_ble_pem3.oem3 (.const:ti_sysbios_rom_ROM_xdc_runtime_System_SupportProxy_abort__E)

.const:ti_sysbios_rom_ROM_xdc_runtime_System_SupportProxy_exit__E 
*          0    0000132c    00000004     
                  0000132c    00000004     app_ble_pem3.oem3 (.const:ti_sysbios_rom_ROM_xdc_runtime_System_SupportProxy_exit__E)

.data:ti_sysbios_knl_Task_Module__state__V 
*          0    20000100    00000044     UNINITIALIZED
                  20000100    00000044     app_ble_pem3.oem3 (.data:ti_sysbios_knl_Task_Module__state__V)

.data:ti_sysbios_family_arm_m3_Hwi_Module__state__V 
*          0    20000144    00000034     UNINITIALIZED
                  20000144    00000034     app_ble_pem3.oem3 (.data:ti_sysbios_family_arm_m3_Hwi_Module__state__V)

.data:ti_sysbios_knl_Clock_Module__state__V 
*          0    20000178    0000002c     UNINITIALIZED
                  20000178    0000002c     app_ble_pem3.oem3 (.data:ti_sysbios_knl_Clock_Module__state__V)

.data:ti_sysbios_BIOS_Module__state__V 
*          0    200001a4    00000024     UNINITIALIZED
                  200001a4    00000024     app_ble_pem3.oem3 (.data:ti_sysbios_BIOS_Module__state__V)

.data:ti_sysbios_knl_Swi_Module__state__V 
*          0    200001c8    0000001c     UNINITIALIZED
                  200001c8    0000001c     app_ble_pem3.oem3 (.data:ti_sysbios_knl_Swi_Module__state__V)

.data:ti_sysbios_family_arm_cc26xx_Timer_Module__state__V 
*          0    200001e4    00000008     UNINITIALIZED
                  200001e4    00000008     app_ble_pem3.oem3 (.data:ti_sysbios_family_arm_cc26xx_Timer_Module__state__V)

.data:ti_sysbios_family_arm_cc26xx_TimestampProvider_Module__state__V 
*          0    200001ec    00000004     UNINITIALIZED
                  200001ec    00000004     app_ble_pem3.oem3 (.data:ti_sysbios_family_arm_cc26xx_TimestampProvider_Module__state__V)

.data:xdc_runtime_Startup_Module__state__V 
*          0    200001f0    00000008     UNINITIALIZED
                  200001f0    00000008     app_ble_pem3.oem3 (.data:xdc_runtime_Startup_Module__state__V)

.data:xdc_runtime_System_Module__state__V 
*          0    200001f8    00000008     UNINITIALIZED
                  200001f8    00000008     app_ble_pem3.oem3 (.data:xdc_runtime_System_Module__state__V)

.data:xdc_runtime_Memory_Module__state__V 
*          0    20000200    00000004     UNINITIALIZED
                  20000200    00000004     app_ble_pem3.oem3 (.data:xdc_runtime_Memory_Module__state__V)

.data:xdc_runtime_Error_Module__state__V 
*          0    20000204    00000002     UNINITIALIZED
                  20000204    00000002     app_ble_pem3.oem3 (.data:xdc_runtime_Error_Module__state__V)

.bootVecs 
*          0    00000000    00000008     DSECT
                  00000000    00000008     boot.aem3 : boot.oem3 (.bootVecs)

.resetVecs 
*          0    00000000    0000003c     
                  00000000    0000003c     app_ble_pem3.oem3 (.resetVecs)

.vecs      0    20000000    000000c8     NOLOAD SECTION
                  20000000    000000c8     app_ble_pem3.oem3 (.vecs)

xdc.meta   0    00000000    0000010f     COPY SECTION
                  00000000    0000010f     app_ble_pem3.oem3 (xdc.meta)

xdc.noload 
*          0    00000000    00000000     COPY SECTION

.cinit     0    00010380    00000534     
                  00010380    000003f2     (.cinit..data.load) [load image, compression = lzss]
                  00010772    00000029     (.cinit..data:ti_sysbios_family_arm_m3_Hwi_Module__state__V.load) [load image, compression = lzss]
                  0001079b    00000021     (.cinit..data:ti_sysbios_knl_Task_Module__state__V.load) [load image, compression = lzss]
                  000107bc    0000001f     (.cinit..data:ti_sysbios_BIOS_Module__state__V.load) [load image, compression = lzss]
                  000107db    0000001d     (.cinit..data:ti_sysbios_knl_Clock_Module__state__V.load) [load image, compression = lzss]
                  000107f8    00000010     (.cinit..data:ti_sysbios_knl_Swi_Module__state__V.load) [load image, compression = lzss]
                  00010808    0000000c     (__TI_handler_table)
                  00010814    0000000b     (.cinit..data:ti_sysbios_family_arm_cc26xx_Timer_Module__state__V.load) [load image, compression = lzss]
                  0001081f    00000001     --HOLE-- [fill = 0]
                  00010820    00000008     (.cinit..bss.load) [load image, compression = zero_init]
                  00010828    00000008     (.cinit..data:xdc_runtime_Memory_Module__state__V.load) [load image, compression = lzss]
                  00010830    00000007     (.cinit..data:ti_sysbios_family_arm_cc26xx_TimestampProvider_Module__state__V.load) [load image, compression = lzss]
                  00010837    00000007     (.cinit..data:xdc_runtime_Startup_Module__state__V.load) [load image, compression = lzss]
                  0001083e    00000007     (.cinit..data:xdc_runtime_System_Module__state__V.load) [load image, compression = lzss]
                  00010845    00000006     (.cinit..data:xdc_runtime_Error_Module__state__V.load) [load image, compression = lzss]
                  0001084b    00000001     --HOLE-- [fill = 0]
                  0001084c    00000068     (__TI_cinit_table)

.init_array 
*          0    00000000    00000000     UNINITIALIZED

.snvSectors 
*          0    0001e000    00001000     
                  0001e000    00001000     f91_smart_watch_stack_library.lib : osal_snv_wrapper.obj (.snvSectors:retain)

.ccfg      0    0001ffa8    00000058     
                  0001ffa8    00000058     ccfg_app_ble.obj (.ccfg:retain)

.data      0    20000208    000011ac     UNINITIALIZED
                  20000208    00000364     simple_peripheral.obj (.data:$O1$$)
                  2000056c    000001d4     devinfoservice.obj (.data:$O8$$)
                  20000740    00000174     f91_smart_watch_stack_library.lib : gapbondmgr.obj (.data:$O18$$)
                  200008b4    00000160     peripheral.obj (.data:$O10$$)
                  20000a14    00000124     simple_gatt_profile.obj (.data:$O11$$)
                  20000b38    00000114     drivers_cc26x0r2.aem3 : PINCC26XX.oem3 (.data:$O1$$)
                  20000c4c    00000114                           : PowerCC26XX.oem3 (.data:PowerCC26XX_module)
                  20000d60    0000009c     icall.obj (.data:$O5$$)
                  20000dfc    0000007c     f91_smart_watch_stack_library.lib : osal_cbtimer.obj (.data:$O20$$)
                  20000e78    00000070     cc26xx_profiles_pxxx.a : gapgattserver.o (.data)
                  20000ee8    00000058     drivers_cc26x0r2.aem3 : CryptoResourceCC26XX.oem3 (.data:$O1$$)
                  20000f40    00000058     cc26xx_gap_pxxx.a : gap_configmgr.o (.data)
                  20000f98    0000004c     app_ble_pem3.oem3 (.data:ti_sysbios_knl_Task_Object__table__V)
                  20000fe4    00000004     f91_smart_watch_stack_library.lib : osal_pwrmgr.obj (.data:$O15$$)
                  20000fe8    00000048     app_ble_pem3.oem3 (.data:ti_sysbios_family_arm_cc26xx_Timer_Object__table__V)
                  20001030    00000038     cc2640_ctrlll_pxxx.a : ll_config.o (.data)
                  20001068    00000038     app_ble_pem3.oem3 (.data:ti_sysbios_gates_GateMutex_Object__table__V)
                  200010a0    00000030     ble_user_config.obj (.data:rfRegTbl)
                  200010d0    00000030     app_ble_pem3.oem3 (.data:ti_sysbios_knl_Swi_Module_State_0_readyQ__A)
                  20001100    00000030     app_ble_pem3.oem3 (.data:ti_sysbios_knl_Swi_Object__table__V)
                  20001130    00000030     app_ble_pem3.oem3 (.data:ti_sysbios_knl_Task_Module_State_0_readyQ__A)
                  20001160    0000002c     f91_smart_watch_stack_library.lib : osal.obj (.data:$O14$$)
                  2000118c    00000028     ECCROMCC26XX.obj (.data:$O2$$)
                  200011b4    00000024     cc26xx_profiles_pxxx.a : gapgattserver.o (.data)
                  200011d8    00000020     app_ble_pem3.oem3 (.data:ti_sysbios_knl_Clock_Object__table__V)
                  200011f8    00000020     app_ble_pem3.oem3 (.data:xdc_runtime_Error_IgnoreBlock)
                  20001218    00000018     app_ble_pem3.oem3 (.data:ti_sysbios_family_arm_m3_Hwi_Object__table__V)
                  20001230    00000011     simple_gatt_profile.obj (.data:simpleProfileChar1UserDesp$15)
                  20001241    00000011     simple_gatt_profile.obj (.data:simpleProfileChar2UserDesp$15)
                  20001252    00000011     simple_gatt_profile.obj (.data:simpleProfileChar3UserDesp$15)
                  20001263    00000011     simple_gatt_profile.obj (.data:simpleProfileChar4UserDesp$15)
                  20001274    00000011     simple_gatt_profile.obj (.data:simpleProfileChar5UserDesp$15)
                  20001285    00000001     TRNGCC26XX.obj (.data)
                  20001286    00000002     app_ble_pem3.oem3 (.data:ti_sysbios_family_arm_m3_Hwi_Module_State_0_excActive__A)
                  20001288    00000010     icall_user_config.obj (.data:bleAppServiceInfoTable)
                  20001298    00000010     cc26xx_profiles_pxxx.a : gattservapp.o (.data)
                  200012a8    00000010     icall_api_lite.obj (.data)
                  200012b8    00000010     ble_user_config.obj (.data:rfModeOverride)
                  200012c8    00000010     main.obj (.data:user0Cfg)
                  200012d8    0000000c     cc2640_ctrlll_pxxx.a : ll_data.o (.data)
                  200012e4    0000000c     app_ble_pem3.oem3 (.data:ti_sysbios_heaps_HeapCallback_Object__table__V)
                  200012f0    00000009     devinfoservice.obj (.data)
                  200012f9    00000001     cc2640_ctrlll_pxxx.a : ll_data.o (.data)
                  200012fa    00000001     cc26xx_profiles_pxxx.a : gapgattserver.o (.data)
                  200012fb    00000001                            : gapgattserver.o (.data)
                  200012fc    00000008     f91_smart_watch_stack_library.lib : hal_assert.obj (.data:$O13$$)
                  20001304    00000008                                       : osal_clock.obj (.data:$O21$$)
                  2000130c    00000008     rtsv7M3_T_le_eabi.lib : _lock.c.obj (.data:$O22$$)
                  20001314    00000008     icall_cc2650.obj (.data:$O7$$)
                  2000131c    00000008     app_ble_pem3.oem3 (.data:ti_sysbios_family_arm_m3_Hwi_Module__root__V)
                  20001324    00000008     app_ble_pem3.oem3 (.data:ti_sysbios_gates_GateHwi_Module__root__V)
                  2000132c    00000008     app_ble_pem3.oem3 (.data:ti_sysbios_gates_GateMutex_Module__root__V)
                  20001334    00000008     app_ble_pem3.oem3 (.data:ti_sysbios_hal_Hwi_Module__root__V)
                  2000133c    00000008     app_ble_pem3.oem3 (.data:ti_sysbios_heaps_HeapCallback_Module__root__V)
                  20001344    00000008     app_ble_pem3.oem3 (.data:ti_sysbios_heaps_HeapMem_Module__root__V)
                  2000134c    00000008     app_ble_pem3.oem3 (.data:ti_sysbios_knl_Clock_Module__root__V)
                  20001354    00000008     app_ble_pem3.oem3 (.data:ti_sysbios_knl_Event_Module__root__V)
                  2000135c    00000008     app_ble_pem3.oem3 (.data:ti_sysbios_knl_Mailbox_Module__root__V)
                  20001364    00000008     app_ble_pem3.oem3 (.data:ti_sysbios_knl_Queue_Module__root__V)
                  2000136c    00000008     app_ble_pem3.oem3 (.data:ti_sysbios_knl_Semaphore_Module__root__V)
                  20001374    00000008     app_ble_pem3.oem3 (.data:ti_sysbios_knl_Swi_Module__root__V)
                  2000137c    00000008     app_ble_pem3.oem3 (.data:ti_sysbios_knl_Task_Module__root__V)
                  20001384    00000008     app_ble_pem3.oem3 (.data:xdc_runtime_Registry_Module__state__V)
                  2000138c    00000005     simple_gatt_profile.obj (.data)
                  20001391    00000001     cc26xx_profiles_pxxx.a : gapgattserver.o (.data)
                  20001392    00000001     drivers_cc26x0r2.aem3 : CryptoCC26XX.oem3 (.data)
                  20001393    00000001                           : UART.oem3 (.data)
                  20001394    00000004     f91_smart_watch_stack_library.lib : osal_snv_wrapper.obj (.data:$O16$$)
                  20001398    00000004     ble_user_config.obj (.data)
                  2000139c    00000004     f91_smart_watch_stack_library.lib : ble_user_config.obj (.data)
                  200013a0    00000004                                       : osal_bufmgr.obj (.data)
                  200013a4    00000004     rtsv7M3_T_le_eabi.lib : stkdepth_vars.c.obj (.data)
                  200013a8    00000004     app_ble_pem3.oem3 (.data:ti_sysbios_family_arm_m3_Hwi_Module_State_0_excContext__A)
                  200013ac    00000004     app_ble_pem3.oem3 (.data:ti_sysbios_family_arm_m3_Hwi_Module_State_0_excStack__A)
                  200013b0    00000004     app_ble_pem3.oem3 (.data:ti_sysbios_knl_Task_Module_State_0_idleTask__A)

.bss       0    200013b8    00000b67     UNINITIALIZED
                  200013b8    000003a0     RFCC26XX_singleMode.obj (.bss:$O4$$)
                  20001758    00000200     app_ble_pem3.oem3 (.bss:taskStackSection)
                  20001958    000001e0     (.common:gapRoleTaskStack)
                  20001b38    0000012c     (.common:uartCC26XXObjects)
                  20001c64    000000c8     (.common:ti_sysbios_family_arm_m3_Hwi_dispatchTable)
                  20001d2c    00000080     board.obj (.bss:uartStringBuf$16)
                  20001dac    00000004     att_rsp.obj (.bss)
                  20001db0    00000078     cc2640_ctrlll_pxxx.a : ll.o (.bss)
                  20001e28    0000002c     (.common:cryptoCC26XXObjects)
                  20001e54    00000020     (.common:uartCC26XXRingBuffer)
                  20001e74    00000014     RFCC26XX_singleMode.obj (.bss:RF_ratSyncCmd$4)
                  20001e88    00000014     driverlib.lib : osc.obj (.bss:oscHfGlobals$62)
                  20001e9c    00000010     util.obj (.bss:str$1$2)
                  20001eac    0000000c     f91_smart_watch_stack_library.lib : osal_timers.obj (.bss:$O17$$)
                  20001eb8    0000000c     cc2640_ctrlll_pxxx.a : ll_scheduler.o (.bss)
                  20001ec4    0000000c     (.common:displayUartObject)
                  20001ed0    00000008     dpl_cc26x0r2.aem3 : PowerCC26XX_tirtos.oem3 (.bss:$O1$$)
                  20001ed8    00000008     cc2640_ctrlll_pxxx.a : ll_common.o (.bss)
                  20001ee0    00000008                          : ll_common.o (.bss)
                  20001ee8    00000008     driverlib.lib : sys_ctrl.obj (.bss:powerQualGlobals$64)
                  20001ef0    00000004     cc2640_ctrlll_pxxx.a : ll.o (.bss)
                  20001ef4    00000004                          : ll.o (.bss)
                  20001ef8    00000004                          : ll.o (.bss)
                  20001efc    00000004                          : ll_common.o (.bss)
                  20001f00    00000004     cc26xx_gap_pxxx.a : gap_linkmgr.o (.bss)
                  20001f04    00000004     cc26xx_profiles_pxxx.a : gapgattserver.o (.bss)
                  20001f08    00000004     (.common:ClockP_tickPeriod)
                  20001f0c    00000004     (.common:tasksEvents)
                  20001f10    00000004     (.common:trngCC26XXObjects)
                  20001f14    00000002     cc2640_ctrlll_pxxx.a : ll_slave_end_causes.o (.bss)
                  20001f16    00000001     RFCC26XX_singleMode.obj (.bss)
                  20001f17    00000001     cc26xx_hci_tl_none.a : hci_tl.o (.bss)
                  20001f18    00000001                          : hci_tl.o (.bss)
                  20001f19    00000001                          : hci_tl.o (.bss)
                  20001f1a    00000001                          : hci_tl.o (.bss)
                  20001f1b    00000001                          : hci_tl.o (.bss)
                  20001f1c    00000001     drivers_cc26x0r2.aem3 : CryptoCC26XX.oem3 (.bss)
                  20001f1d    00000001     (.common:driverlib_release_0_60062)
                  20001f1e    00000001     (.common:icall_liteTaskId)

.vtable    0    20001f1f    00000000     UNINITIALIZED

.vtable_ram 
*          0    20001f1f    00000000     UNINITIALIZED

vtable_ram 
*          0    20001f1f    00000000     UNINITIALIZED

.sysmem    0    20001f1f    00000000     UNINITIALIZED

.nonretenvar 
*          0    20001f1f    00000000     UNINITIALIZED

.stack     0    20004000    00000400     UNINITIALIZED
                  20004000    00000400     --HOLE--

.text.1    0    0000003c    00000fc4     
                  0000003c    00000658     simple_peripheral.obj (.text:SimplePeripheral_taskFxn$1)
                  00000694    00000008     (.tramp.ti_sysbios_knl_Queue_construct.1)
                  0000069c    00000008     (.tramp.ti_sysbios_knl_Event_pend__E.1)
                  000006a4    00000008     ble_r2.symbols (.tramp.GATT_bm_free.1)
                  000006ac    00000008     (.tramp.ti_sysbios_knl_Queue_get__E.1)
                  000006b4    00000008     ble_r2.symbols (.tramp.GATT_SendRsp.1)
                  000006bc    00000008     (.tramp.ti_sysbios_knl_Queue_empty__E.1)
                  000006c4    00000008     (.tramp.ti_sysbios_knl_Clock_start__E.1)
                  000006cc    00000570     peripheral.obj (.text:gapRole_taskFxn$14)
                  00000c3c    00000008     (.tramp.ti_sysbios_knl_Clock_stop__E.1)
                  00000c44    00000008     (.tramp.ti_sysbios_knl_Event_post__E.1)
                  00000c4c    00000330     cc2640_ctrlll_pxxx.a : ll_slave_end_causes.o (.text)
                  00000f7c    00000008     ble_r2.symbols (.tramp.llCheckForLstoDuringSL.1)
                  00000f84    00000008     ble_r2.symbols (.tramp.llEventInRange.1)
                  00000f8c    00000008     ble_r2.symbols (.tramp.llEventDelta.1)
                  00000f94    00000008     ble_r2.symbols (.tramp.llConnTerminate.1)
                  00000f9c    00000064     RFCC26XX_singleMode.obj (.text:RF_hwiCpe0PowerFsm$4)

.text.2    0    00001330    0000dfc4     
                  00001330    0000047c     f91_smart_watch_stack_library.lib : icall_startup.obj (.text:startup_entry)
                  000017ac    00000478     cc2640_ctrlll_pxxx.a : ll.o (.text)
                  00001c24    00000320                          : ll.o (.text)
                  00001f44    00000320     rom_sysbios.aem3 : rom_sysbios.obj (.text:xdc_runtime_System_doPrint__I)
                  00002264    00000314     drivers_cc26x0r2.aem3 : PowerCC26XX_calibrateRCOSC.oem3 (.text:PowerCC26XX_auxISR)
                  00002578    000002f4     cc2640_ctrlll_pxxx.a : ll_scheduler.o (.text)
                  0000286c    000002e4                          : ll_common.o (.text)
                  00002b50    000002cc     RFCC26XX_singleMode.obj (.text:RF_fsmActiveState$4)
                  00002e1c    00000294     peripheral.obj (.text:GAPRole_SetParameter)
                  000030b0    00000294     cc2640_ctrlll_pxxx.a : ll_isr.o (.text)
                  00003344    00000278     drivers_cc26x0r2.aem3 : CryptoCC26XX.oem3 (.text:cryptoTransactionExecute)
                  000035bc    00000260     f91_smart_watch_stack_library.lib : gapbondmgr.obj (.text:GAPBondMgr_SetParameter)
                  0000381c    00000240     cc2640_ctrlll_pxxx.a : ble.o (.text)
                  00003a5c    00000238     cc26xx_profiles_pxxx.a : gapgattserver.o (.text)
                  00003c94    00000234     icall.obj (.text:icall_directAPI)
                  00003ec8    0000022c     drivers_cc26x0r2.aem3 : PowerCC26XX.oem3 (.text:Power_sleep)
                  000040f4    00000220     driverlib.lib : sys_ctrl.obj (.text:NOROM_SysCtrlSetRechargeBeforePowerDown)
                  00004314    0000021c     RFCC26XX_singleMode.obj (.text:RF_open)
                  00004530    00000218     f91_smart_watch_stack_library.lib : gapbondmgr.obj (.text:GAPBondMgr_ProcessGAPMsg)
                  00004748    00000214     ECCROMCC26XX.obj (.text:ECC_VerifyPublicKeyWeierstrass$3)
                  0000495c    00000200     cc26xx_profiles_pxxx.a : gattservapp.o (.text)
                  00004b5c    000001ec     RFCC26XX_singleMode.obj (.text:RF_fsmSetupState$4)
                  00004d48    000001ec     simple_peripheral.obj (.text:SimplePeripheral_processStateChangeEvt$1)
                  00004f34    000001e8     ECCROMCC26XX.obj (.text:ECCROMCC26XX_genDHKey)
                  0000511c    000001d8     f91_smart_watch_stack_library.lib : gapbondmgr.obj (.text:gapBondMgrAddBond$31)
                  000052f4    000001bc     main.obj (.text:AssertHandler)
                  000054b0    000001b0     drivers_cc26x0r2.aem3 : PINCC26XX.oem3 (.text:PIN_init)
                  00005660    000001b0     cc2640_ctrlll_pxxx.a : ll_isr.o (.text)
                  00005810    00000190     drivers_cc26x0r2.aem3 : PowerCC26XX_calibrateRCOSC.oem3 (.text:PowerCC26XX_doCalibrate)
                  000059a0    00000190     f91_smart_watch_stack_library.lib : gapbondmgr.obj (.text:gapBondMgrAuthenticate$31)
                  00005b30    0000018c     cc2640_ctrlll_pxxx.a : ll.o (.text)
                  00005cbc    0000018c                          : ll_isr.o (.text)
                  00005e48    0000015c     drivers_cc26x0r2.aem3 : UARTCC26XX.oem3 (.text:UARTCC26XX_open)
                  00005fa4    00000150     f91_smart_watch_stack_library.lib : gapbondmgr.obj (.text:GAPBondMgr_ProcessEvent)
                  000060f4    00000150     cc2640_ctrlll_pxxx.a : ll_common.o (.text)
                  00006244    00000148     drivers_cc26x0r2.aem3 : UARTCC26XX.oem3 (.text:UARTCC26XX_hwiIntFxn)
                  0000638c    00000136                           : UARTCC26XX.oem3 (.text:UARTCC26XX_read)
                  000064c2    00000002     ble_user_config.obj (.text:DefaultAssertCback)
                  000064c4    00000134     f91_smart_watch_stack_library.lib : gapbondmgr.obj (.text:gapBondMgrEraseBonding$31)
                  000065f8    00000130     ECCROMCC26XX.obj (.text:ECCROMCC26XX_genKeys)
                  00006728    0000012c     drivers_cc26x0r2.aem3 : PowerCC26XX.oem3 (.text:Power_init)
                  00006854    00000128     cc2640_ctrlll_pxxx.a : ll_scheduler.o (.text)
                  0000697c    00000120     f91_smart_watch_stack_library.lib : osal_snv_wrapper.obj (.text:compactPage$28)
                  00006a9c    00000114     cc26xx_gap_pxxx.a : gap_linkmgr.o (.text)
                  00006bb0    00000110     drivers_cc26x0r2.aem3 : PINCC26XX.oem3 (.text:PINCC26XX_setIoCfg)
                  00006cc0    00000110     cc26xx_gatt_pxxx.a : gatt_server.o (.text)
                  00006dd0    00000108     app_ble_pem3.oem3 (.text:xdc_runtime_System_printfExtend__I)
                  00006ed8    000000f8     f91_smart_watch_stack_library.lib : osal_snv_wrapper.obj (.text:osal_snv_write)
                  00006fd0    000000f0     cc2640_ctrlll_pxxx.a : ll.o (.text)
                  000070c0    000000ec     RFCC26XX_singleMode.obj (.text:RF_radioOpDoneCb$4)
                  000071ac    000000ec     cc26xx_profiles_pxxx.a : gattservapp.o (.text)
                  00007298    000000e8     dpl_cc26x0r2.aem3 : PowerCC26XX_tirtos.oem3 (.text:PowerCC26XX_standbyPolicy)
                  00007380    000000e8     f91_smart_watch_stack_library.lib : osal_timers.obj (.text:osalTimerUpdate)
                  00007468    000000e4     cc2640_ctrlll_pxxx.a : ll_isr.o (.text)
                  0000754c    000000e4     cc26xx_sm_pxxx.a : sm_pairing.o (.text)
                  00007630    000000e2     drivers_cc26x0r2.aem3 : UARTCC26XX.oem3 (.text:UARTCC26XX_write)
                  00007712    00000002     display.aem3 : DisplayUart.oem3 (.text:DisplayUartAnsi_init)
                  00007714    000000dc     f91_smart_watch_stack_library.lib : gapbondmgr.obj (.text:GAPBondMgr_LinkEst)
                  000077f0    000000dc     simple_gatt_profile.obj (.text:simpleProfile_WriteAttrCB$15)
                  000078cc    000000d8     f91_smart_watch_stack_library.lib : osal.obj (.text:osal_set_event)
                  000079a4    000000d4     RFCC26XX_singleMode.obj (.text:RF_pendCmd)
                  00007a78    000000d0     main.obj (.text:main)
                  00007b48    000000cc     RFCC26XX_singleMode.obj (.text:RF_postCmd)
                  00007c14    000000cc     RFCC26XX_singleMode.obj (.text:RF_swiHw$4)
                  00007ce0    000000c8     RFCC26XX_singleMode.obj (.text:RF_fsmPowerUpState$4)
                  00007da8    000000c4     simple_gatt_profile.obj (.text:SimpleProfile_SetParameter)
                  00007e6c    000000c4     cc26xx_sm_pxxx.a : sm_pairing.o (.text)
                  00007f30    000000c4                      : sm_pairing.o (.text)
                  00007ff4    000000c0     driverlib.lib : setup.obj (.text:TrimAfterColdResetWakeupFromShutDown$20)
                  000080b4    000000bc     drivers_cc26x0r2.aem3 : PowerCC26XX.oem3 (.text:Power_releaseDependency)
                  00008170    000000bc     RFCC26XX_singleMode.obj (.text:RF_abortCmd$4)
                  0000822c    000000bc     cc2640_ctrlll_pxxx.a : ll_scheduler.o (.text)
                  000082e8    000000b8     RFCC26XX_singleMode.obj (.text:RF_control)
                  000083a0    000000b8     TRNGCC26XX.obj (.text:TRNGCC26XX_getNumber)
                  00008458    000000b8     devinfoservice.obj (.text:devInfo_ReadAttrCB$11)
                  00008510    000000b4     driverlib.lib : setup.obj (.text:NOROM_SetupTrimDevice)
                  000085c4    000000b4     drivers_cc26x0r2.aem3 : PowerCC26XX.oem3 (.text:Power_setDependency)
                  00008678    000000b4     peripheral.obj (.text:gapRole_startConnUpdate$14)
                  0000872c    000000b0     f91_smart_watch_stack_library.lib : gapbondmgr.obj (.text:GAPBondMgr_ResolveAddr)
                  000087dc    000000b0     cc26xx_gap_pxxx.a : gap_peridevmgr.o (.text)
                  0000888c    000000ac     display.aem3 : DisplayUart.oem3 (.text:DisplayUartAnsi_clearLines)
                  00008938    000000a7                  : DisplayUart.oem3 (.text:DisplayUartAnsi_open)
                  000089df    00000001     --HOLE-- [fill = 0]
                  000089e0    000000a6     rom_sysbios.aem3 : rom_sysbios.obj (.text:xdc_runtime_Text_putSite__E)
                  00008a86    000000a4     cc2640_ctrlll_pxxx.a : ll_common.o (.text)
                  00008b2a    000000a4     f91_smart_watch_stack_library.lib : gapbondmgr.obj (.text:gapBondMgrUpdateCharCfg$31)
                  00008bce    00000002     icall.obj (.text:ICall_abort)
                  00008bd0    000000a4     gattservapp_util.obj (.text:gattServApp_SendNotiInd$13)
                  00008c74    000000a4     f91_smart_watch_stack_library.lib : osal.obj (.text:osal_msg_enqueue_push$24)
                  00008d18    000000a4     drivers_cc26x0r2.aem3 : PowerCC26XX.oem3 (.text:switchXOSCHFclockFunc)
                  00008dbc    000000a0                           : PINCC26XX.oem3 (.text:PIN_open)
                  00008e5c    000000a0     RFCC26XX_singleMode.obj (.text:RF_calculateDispatchTime$4)
                  00008efc    000000a0     RFCC26XX_singleMode.obj (.text:RF_ratRestartChannels$4)
                  00008f9c    000000a0     auto_init.aem3 : auto_init.oem3 (.text)
                  0000903c    000000a0     f91_smart_watch_stack_library.lib : osal_timers.obj (.text:osal_timer_refTimeUpdate)
                  000090dc    0000009f     display.aem3 : DisplayUart.oem3 (.text:DisplayUartAnsi_vprintf)
                  0000917b    00000001     --HOLE-- [fill = 0]
                  0000917c    0000009c     icall.obj (.text:ICall_heapMalloc)
                  00009218    0000009c     f91_smart_watch_stack_library.lib : osal_cbtimer.obj (.text:cbTimerSetup$39)
                  000092b4    0000009c     rtsv7M3_T_le_eabi.lib : memcpy_t2.asm.obj (.text)
                  00009350    0000009c     f91_smart_watch_stack_library.lib : osal_snv_wrapper.obj (.text:writeWord$28)
                  000093ec    00000098     icall.obj (.text:ICall_setTimer)
                  00009484    00000098     RFCC26XX_singleMode.obj (.text:RF_dispatchNextCmd$4)
                  0000951c    00000098     drivers_cc26x0r2.aem3 : UARTCC26XX.oem3 (.text:UARTCC26XX_initHw)
                  000095b4    00000098                           : UARTCC26XX.oem3 (.text:UARTCC26XX_initIO)
                  0000964c    00000098     cc2640_ctrlhci_pxxx.a : hci_event.o (.text)
                  000096e4    00000098     cc2640_ctrlll_pxxx.a : ll_common.o (.text)
                  0000977c    00000098     f91_smart_watch_stack_library.lib : osal_cbtimer.obj (.text:osal_CbTimerProcessEvent)
                  00009814    00000098     rom_sysbios.aem3 : rom_sysbios.obj (.text:ti_sysbios_knl_Clock_workFuncDynamic__E)
                  000098ac    00000098                      : rom_sysbios.obj (.text:xdc_runtime_Text_putMod__E)
                  00009944    00000096     rtsv7M3_T_le_eabi.lib : ull_div_t2.asm.obj (.text)
                  000099da    00000002     f91_smart_watch_stack_library.lib : onboard.obj (.text:Onboard_soft_reset)
                  000099dc    00000094     drivers_cc26x0r2.aem3 : CryptoCC26XX.oem3 (.text:CryptoCC26XX_allocateKey)
                  00009a70    00000094     driverlib.lib : crypto.obj (.text:NOROM_CRYPTOAesLoadKey)
                  00009b04    00000090     board.obj (.text:CC2640R2_LAUNCHXL_shutDownExtFlash)
                  00009b94    00000090     drivers_cc26x0r2.aem3 : CryptoCC26XX.oem3 (.text:CryptoCC26XX_open)
                  00009c24    00000090     RFCC26XX_singleMode.obj (.text:RF_hwiCpe0Active$4)
                  00009cb4    00000090     f91_smart_watch_stack_library.lib : osal.obj (.text:osal_msg_receive)
                  00009d44    00000090     rom_sysbios.aem3 : rom_sysbios.obj (.text:ti_sysbios_family_arm_cc26xx_Timer_start__E)
                  00009dd4    0000008e     drivers_cc26x0r2.aem3 : UARTCC26XX.oem3 (.text:UARTCC26XX_writeCancel)
                  00009e62    00000002     RFCC26XX_singleMode.obj (.text:RF_defaultCallback$4)
                  00009e64    0000008c     cc2640_ctrlll_pxxx.a : ll_enc.o (.text)
                  00009ef0    00000084     driverlib.lib : crypto.obj (.text:NOROM_CRYPTOCcmInvAuthDecryptResultGet)
                  00009f74    00000084     RFCC26XX_singleMode.obj (.text:RF_ratFreeChannel$4)
                  00009ff8    00000084     drivers_cc26x0r2.aem3 : UARTCC26XX.oem3 (.text:UARTCC26XX_close)
                  0000a07c    00000084     cc26xx_profiles_pxxx.a : gapgattserver.o (.text)
                  0000a100    00000080     icall.obj (.text:ICall_send)
                  0000a180    00000080     RFCC26XX_singleMode.obj (.text:RF_discardPendCmd$4)
                  0000a200    00000080     drivers_cc26x0r2.aem3 : UARTCC26XX.oem3 (.text:writeTxFifoFlush)
                  0000a280    0000007c     cc2640_ctrlhci_pxxx.a : hci_event.o (.text)
                  0000a2fc    0000007c     cc2640_ctrlll_pxxx.a : ll_scheduler.o (.text)
                  0000a378    0000007c     cc26xx_gap_pxxx.a : gap_linkmgr.o (.text)
                  0000a3f4    0000007c     f91_smart_watch_stack_library.lib : osal.obj (.text:osal_event_send$24)
                  0000a470    0000007a     rtsv7M3_T_le_eabi.lib : memset_t2.asm.obj (.text)
                  0000a4ea    00000002     f91_smart_watch_stack_library.lib : sm_ecc.obj (.text:SM_dhKeyCB)
                  0000a4ec    00000078                                       : gapbondmgr.obj (.text:GAPBondMgr_syncResolvingList)
                  0000a564    00000078     cc2640_ctrlll_pxxx.a : ll_common.o (.text)
                  0000a5dc    00000078     cc26xx_profiles_pxxx.a : gattservapp.o (.text)
                  0000a654    00000078     rom_sysbios.aem3 : rom_sysbios.obj (.text:ti_sysbios_heaps_HeapMem_allocUnprotected__E)
                  0000a6cc    00000074     icall.obj (.text:ICall_fetchMsg)
                  0000a740    00000074     icall.obj (.text:ICall_heapInit)
                  0000a7b4    00000074     cc26xx_sm_pxxx.a : sm_pairing.o (.text)
                  0000a828    00000074     f91_smart_watch_stack_library.lib : gapbondmgr.obj (.text:gapBondMgrBondReq$31)
                  0000a89c    00000072     cc2640_ctrlll_pxxx.a : ll_common.o (.text)
                  0000a90e    00000002     f91_smart_watch_stack_library.lib : sm_ecc.obj (.text:SM_p256KeyCB)
                  0000a910    00000070                                       : gapbondmgr.obj (.text:GAPBondMgr_LinkTerm)
                  0000a980    00000070     icall.obj (.text:ICall_heapGetStats)
                  0000a9f0    00000070     driverlib.lib : sys_ctrl.obj (.text:NOROM_SysCtrlAdjustRechargeAfterPowerDown)
                  0000aa60    00000070     f91_smart_watch_stack_library.lib : ble_dispatch_lite.obj (.text:ble_dispatch_liteProcess)
                  0000aad0    00000070     cc2640_ctrlll_pxxx.a : ll_common.o (.text)
                  0000ab40    00000070     cc26xx_hci_tl_none.a : hci_tl.o (.text)
                  0000abb0    00000070     drivers_cc26x0r2.aem3 : PowerCC26XX.oem3 (.text:lfClockReadyCallback)
                  0000ac20    0000006d     rom_sysbios.aem3 : rom_sysbios.obj (.text:xdc_runtime_System_formatNum__I)
                  0000ac8d    00000001     --HOLE-- [fill = 0]
                  0000ac8e    00000002     rtsv7M3_T_le_eabi.lib : _lock.c.obj (.text:_nop)
                  0000ac90    0000006c     icall.obj (.text:ICall_sendServiceComplete)
                  0000acfc    0000006c     driverlib.lib : osc.obj (.text:NOROM_OSCHF_AttemptToSwitchToXosc)
                  0000ad68    0000006c     drivers_cc26x0r2.aem3 : PowerCC26XX_calibrateRCOSC.oem3 (.text:PowerCC26XX_initiateCalibration)
                  0000add4    0000006c     RFCC26XX_singleMode.obj (.text:RF_dispatchNextEvent$4)
                  0000ae40    0000006c     cc2640_ctrlll_pxxx.a : ll_common.o (.text)
                  0000aeac    0000006c                          : ll_scheduler.o (.text)
                  0000af18    0000006c     drivers_cc26x0r2.aem3 : PowerCC26XX.oem3 (.text:configureXOSCHF)
                  0000af84    00000068                           : CryptoCC26XX.oem3 (.text:CryptoCC26XX_loadKey)
                  0000afec    00000068     driverlib.lib : sys_ctrl.obj (.text:NOROM_SysCtrl_DCDC_VoltageConditionalControl)
                  0000b054    00000068     RFCC26XX_singleMode.obj (.text:RF_getInfo)
                  0000b0bc    00000068     RFCC26XX_singleMode.obj (.text:RF_hwiHw$4)
                  0000b124    00000068     rtsv7M3_T_le_eabi.lib : copy_decompress_lzss.c.obj (.text:decompress:lzss:__TI_decompress_lzss)
                  0000b18c    00000068     f91_smart_watch_stack_library.lib : osal_snv_wrapper.obj (.text:erasePage$28)
                  0000b1f4    00000068                                       : osal_cbtimer.obj (.text:osal_CbTimerUpdate)
                  0000b25c    00000064     RFCC26XX_singleMode.obj (.text:RF_getCurrentTime)
                  0000b2c0    00000064     cc26xx_profiles_pxxx.a : gattservapp.o (.text)
                  0000b324    00000060     icall.obj (.text:ICall_createRemoteTasksAtRuntime)
                  0000b384    00000060     icall.obj (.text:ICall_enrollService)
                  0000b3e4    00000060     drivers_cc26x0r2.aem3 : PowerCC26XX.oem3 (.text:PowerCC26XX_calibrate)
                  0000b444    00000060     RFCC26XX_singleMode.obj (.text:RF_fsmXOSCState$4)
                  0000b4a4    0000005f     rom_sysbios.aem3 : rom_sysbios.obj (.text:xdc_runtime_Text_putLab__E)
                  0000b503    00000001     --HOLE-- [fill = 0]
                  0000b504    0000005e     drivers_cc26x0r2.aem3 : UARTCC26XX.oem3 (.text:UARTCC26XX_swiIntFxn)
                  0000b562    0000005e     simple_gatt_profile.obj (.text:simpleProfile_ReadAttrCB$15)
                  0000b5c0    0000005c     drivers_cc26x0r2.aem3 : CryptoResourceCC26XX.oem3 (.text:CryptoResourceCC26XX_constructRTOSObjects)
                  0000b61c    0000005c     display.aem3 : Display.oem3 (.text:Display_doOpen)
                  0000b678    0000005c     icall.obj (.text:ICall_newTask$6)
                  0000b6d4    0000005c     icall.obj (.text:ICall_pwrUpdActivityCounter)
                  0000b730    0000005c     icall.obj (.text:ICall_searchTask$6)
                  0000b78c    0000005c     drivers_cc26x0r2.aem3 : PowerCC26XX_calibrateRCOSC.oem3 (.text:PowerCC26XX_RCOSC_clockFunc)
                  0000b7e8    0000005c     RFCC26XX_singleMode.obj (.text:RF_cmdDispatchTime$4)
                  0000b844    0000005c     simple_peripheral.obj (.text:SimplePeripheral_enqueueMsg$1)
                  0000b8a0    0000005c     cc26xx_profiles_pxxx.a : gattservapp.o (.text)
                  0000b8fc    0000005c     app_ble_pem3.oem3 (.text:xdc_runtime_Startup_getState__I)
                  0000b958    0000005a     RFCC26XX_singleMode.obj (.text:RF_syncCb$4)
                  0000b9b2    00000002     drivers_cc26x0r2.aem3 : PowerCC26XX.oem3 (.text:emptyClockFunc)
                  0000b9b4    00000058     icall.obj (.text:ICall_heapFree)
                  0000ba0c    00000058     icall.obj (.text:ICall_msgEnqueue$6)
                  0000ba64    00000058     icall.obj (.text:ICall_wait)
                  0000babc    00000058     drivers_cc26x0r2.aem3 : PINCC26XX.oem3 (.text:PIN_remove)
                  0000bb14    00000058                           : UARTCC26XX.oem3 (.text:UARTCC26XX_control)
                  0000bb6c    00000058     cc26xx_gap_pxxx.a : gap_linkmgr.o (.text)
                  0000bbc4    00000058     f91_smart_watch_stack_library.lib : osal_snv_wrapper.obj (.text:findItem$28)
                  0000bc1c    00000058                                       : gapbondmgr.obj (.text:gapBondMgrReadBonds$31)
                  0000bc74    00000058                                       : osal_cbtimer.obj (.text:osal_CbTimerStop)
                  0000bccc    00000058     rom_sysbios.aem3 : rom_sysbios.obj (.text:ti_sysbios_heaps_HeapMem_alloc__E)
                  0000bd24    00000054     cc26xx_gap_pxxx.a : linkdb.o (.text)
                  0000bd78    00000054     cc26xx_profiles_pxxx.a : gattservapp.o (.text)
                  0000bdcc    00000050     dpl_cc26x0r2.aem3 : ClockP_tirtos.oem3 (.text:ClockP_construct)
                  0000be1c    00000050     ECCROMCC26XX.obj (.text:ECCROMCC26XX_Params_init)
                  0000be6c    00000050     ECCROMCC26XX.obj (.text:ECC_initGlobals$3)
                  0000bebc    00000050     icall.obj (.text:ICall_registerApp)
                  0000bf0c    00000050     util.obj (.text:Util_convertBdAddr2Str)
                  0000bf5c    00000050     cc2640_ctrlll_pxxx.a : ll.o (.text)
                  0000bfac    00000050     drivers_cc26x0r2.aem3 : UARTCC26XX.oem3 (.text:startTxFifoEmptyClk)
                  0000bffc    0000004c     RFCC26XX_singleMode.obj (.text:RF_wakeupNotification$4)
                  0000c048    0000004c     rtsv7M3_T_le_eabi.lib : cpy_tbl.c.obj (.text:copy_in)
                  0000c094    0000004c     f91_smart_watch_stack_library.lib : gapbondmgr.obj (.text:gapBondMgrUpdateLruBondList$31)
                  0000c0e0    0000004c                                       : osal_bufmgr.obj (.text:osal_bm_free)
                  0000c12c    0000004a     drivers_cc26x0r2.aem3 : UARTCC26XX.oem3 (.text:UARTCC26XX_readCancel)
                  0000c176    00000002                           : CryptoResourceCC26XX.oem3 (.text:errorSpin)
                  0000c178    00000048     board.obj (.text:CC2640R2_LAUNCHXL_wakeUpExtFlash)
                  0000c1c0    00000048     drivers_cc26x0r2.aem3 : PINCC26XX.oem3 (.text:PIN_setOutputEnable)
                  0000c208    00000048     util.obj (.text:Util_constructClock)
                  0000c250    00000048     f91_smart_watch_stack_library.lib : osal_timers.obj (.text:osalAddTimer)
                  0000c298    00000048     rom_sysbios.aem3 : rom_sysbios.obj (.text:ti_sysbios_family_arm_cc26xx_Timer_setThreshold__I)
                  0000c2e0    00000048     drivers_cc26x0r2.aem3 : UARTCC26XX.oem3 (.text:writeFinishedDoCallback)
                  0000c328    00000044     f91_smart_watch_stack_library.lib : gapbondmgr.obj (.text:GAPBondMgr_Pair)
                  0000c36c    00000044     icall.obj (.text:ICall_searchServiceEntity)
                  0000c3b0    00000044     driverlib.lib : osc.obj (.text:NOROM_OSCHF_SwitchToRcOscTurnOffXosc)
                  0000c3f4    00000044     RFCC26XX_singleMode.obj (.text:RF_cmdStoreEvents$4)
                  0000c438    00000044     drivers_cc26x0r2.aem3 : RingBuf.oem3 (.text:RingBuf_put)
                  0000c47c    00000044     boot.aem3 : boot.oem3 (.text)
                  0000c4c0    00000044     cc2640_ctrlll_pxxx.a : ll_isr.o (.text)
                  0000c504    00000044                          : ll_scheduler.o (.text)
                  0000c548    00000044     cc26xx_profiles_pxxx.a : gattservapp.o (.text)
                  0000c58c    00000044     f91_smart_watch_stack_library.lib : osal_timers.obj (.text:osal_start_timerEx)
                  0000c5d0    00000044     rom_sysbios.aem3 : rom_sysbios.obj (.text:xdc_runtime_Text_xprintf__I)
                  0000c614    00000042     f91_smart_watch_stack_library.lib : gapbondmgr.obj (.text:GAPBondMgr_UpdateCharCfg)
                  0000c656    00000042                                       : gap.obj (.text:GAP_DeviceInit)
                  0000c698    00000040     ECCROMCC26XX.obj (.text:ECCROMCC26XX_init)
                  0000c6d8    00000040     drivers_cc26x0r2.aem3 : PINCC26XX.oem3 (.text:PIN_swi)
                  0000c718    00000040                           : PowerCC26XX.oem3 (.text:PowerCC26XX_isStableXOSC_HF)
                  0000c758    00000040                           : UART.oem3 (.text:UART_init)
                  0000c798    00000040                           : UART.oem3 (.text:UART_open)
                  0000c7d8    00000040     cc26xx_profiles_pxxx.a : gattservapp.o (.text)
                  0000c818    00000040                            : gattservapp.o (.text)
                  0000c858    00000040     rtsv7M3_T_le_eabi.lib : u_divt2.asm.obj (.text)
                  0000c898    00000040     rom_sysbios.aem3 : rom_sysbios.obj (.text:ti_sysbios_heaps_HeapCallback_Module_startup__E)
                  0000c8d8    0000003e     dpl_cc26x0r2.aem3 : HwiP_tirtos.oem3 (.text:HwiP_construct)
                  0000c916    0000003e     drivers_cc26x0r2.aem3 : RingBuf.oem3 (.text:RingBuf_get)
                  0000c954    0000003c     peripheral.obj (.text:GAPRole_createTask)
                  0000c990    0000003c     driverlib.lib : osc.obj (.text:NOROM_OSC_HPOSCRelativeFrequencyOffsetGet)
                  0000c9cc    0000003c     simple_peripheral.obj (.text:SimplePeripheral_createTask)
                  0000ca08    0000003c     dpl_cc26x0r2.aem3 : SwiP_tirtos.oem3 (.text:SwiP_construct)
                  0000ca44    0000003c     cc2640_ctrlll_pxxx.a : ll_common.o (.text)
                  0000ca80    0000003c                          : ll_scheduler.o (.text)
                  0000cabc    0000003c     cc26xx_hci_tl_none.a : hci_tl.o (.text)
                  0000caf8    0000003c     cc26xx_profiles_pxxx.a : gattservapp.o (.text)
                  0000cb34    0000003c                            : gattservapp.o (.text)
                  0000cb70    0000003c     drivers_cc26x0r2.aem3 : PowerCC26XX.oem3 (.text:disableLfClkQualifiersEnableClkLoss)
                  0000cbac    0000003c     f91_smart_watch_stack_library.lib : osal_bufmgr.obj (.text:osal_bm_alloc)
                  0000cbe8    0000003c                                       : osal_timers.obj (.text:osal_start_reload_timer)
                  0000cc24    0000003c     rom_sysbios.aem3 : rom_sysbios.obj (.text:ti_sysbios_family_arm_m3_Hwi_construct2__E)
                  0000cc60    0000003a     cc2640_ctrlll_pxxx.a : ll_common.o (.text)
                  0000cc9a    00000002     f91_smart_watch_stack_library.lib : hal_assert.obj (.text:halAssertHandler)
                  0000cc9c    00000038                                       : hal_flash_wrapper.obj (.text:HalFlashRead)
                  0000ccd4    00000038     drivers_cc26x0r2.aem3 : PINCC26XX.oem3 (.text:PIN_setConfig)
                  0000cd0c    00000038                           : PINCC26XX.oem3 (.text:PIN_setOutputValue)
                  0000cd44    00000038     RFCC26XX_singleMode.obj (.text:RF_checkCmdFsError$4)
                  0000cd7c    00000038     RFCC26XX_singleMode.obj (.text:RF_powerConstraintRelease)
                  0000cdb4    00000038     util.obj (.text:Util_restartClock)
                  0000cdec    00000038     f91_smart_watch_stack_library.lib : osal_bufmgr.obj (.text:bm_desc_from_payload$25)
                  0000ce24    00000038     cc2640_ctrlll_pxxx.a : ll_scheduler.o (.text)
                  0000ce5c    00000038                          : ll_scheduler.o (.text)
                  0000ce94    00000038     cc26xx_l2cap_pxxx.a : l2cap_util.o (.text)
                  0000cecc    00000038     f91_smart_watch_stack_library.lib : osal_snv_wrapper.obj (.text:disableCache$28)
                  0000cf04    00000038                                       : osal.obj (.text:osal_alien2proxy)
                  0000cf3c    00000038                                       : osal.obj (.text:osal_msec_timer_cback$24)
                  0000cf74    00000038                                       : osal_timers.obj (.text:osal_stop_timerEx)
                  0000cfac    00000038     rom_sysbios.aem3 : rom_sysbios.obj (.text:ti_sysbios_family_arm_cc26xx_Timer_getCurrentTick__E)
                  0000cfe4    00000036                      : rom_sysbios.obj (.text:ti_sysbios_family_arm_cc26xx_Timer_setNextTick__E)
                  0000d01a    00000002     f91_smart_watch_stack_library.lib : hal_assert.obj (.text:halAssertSpinlock)
                  0000d01c    00000034     gattservapp_util.obj (.text:GATTServApp_InitCharCfg)
                  0000d050    00000034     icall.obj (.text:ICall_dispatch$6)
                  0000d084    00000034     drivers_cc26x0r2.aem3 : PowerCC26XX.oem3 (.text:Power_releaseConstraint)
                  0000d0b8    00000034     RFCC26XX_singleMode.obj (.text:RF_runDirectImmediateCmd$4)
                  0000d0ec    00000034     cc2640_ctrlll_pxxx.a : ll_enc.o (.text)
                  0000d120    00000034                          : ll_isr.o (.text)
                  0000d154    00000034                          : ll_scheduler.o (.text)
                  0000d188    00000034     cc26xx_gap_pxxx.a : gap_configmgr.o (.text)
[...]
20001ed4  PowerCC26XX_swiKey                                                        
20001ed8  llConnEvtNotice                                                           
20001ee0  featureSetMask                                                            
20001ef0  rtosApiTblPtr                                                             
20001ef4  LSTORecoveryArr                                                           
20001ef8  llCombineState                                                            
20001efc  llCurrentMappedChan                                                       
20001f00  connEvtCB                                                                 
20001f08  ClockP_tickPeriod                                                         
20001f0c  tasksEvents                                                               
20001f10  trngCC26XXObjects                                                         
20001f17  hciTaskID                                                                 
20001f18  hciTestTaskID                                                             
20001f19  hciGapTaskID                                                              
20001f1a  hciL2capTaskID                                                            
20001f1b  hciSmpTaskID                                                              
20001f1d  driverlib_release_0_60062                                                 
20001f1e  icall_liteTaskId                                                          
20001f1f  heapStart                                                                 
20004000  __stack                                                                   
20004000  heapEnd                                                                   
20004400  __STACK_END                                                               
20004400  __STACK_TOP                                                               
200044f8  RAM_BASE_ADDR                                                             
20004504  ROM_FlashJT                                                               
20004558  gapPeripheralCBs                                                          
20004564  gapPeripheralConnCBs                                                      
20004568  rfMode                                                                    
20004584  smResponderCBs                                                            
2000459c  slaveConnHandle                                                           
2000459e  nextHandle                                                                
200045a0  l2capMtuSize                                                              
200045a2  gapAppTaskID                                                              
200045a3  gapAdvAppTaskID                                                           
200045a4  gapUnwantedTaskID                                                         
200045a5  reqTaskId                                                                 
200045a6  gattAppTaskID                                                             
200045a7  appTaskID                                                                 
200045a8  flowCtrlTaskId                                                            
200045a9  SM_appTaskID                                                              
200045ac  resolvingList                                                             
200046ec  scanDataEntry                                                             
200047cc  wlTable                                                                   
200048a8  wlTableScan                                                               
20004a20  advCmd                                                                    
20004a68  localEccKeys                                                              
20004aac  initDataEntry                                                             
20004ae4  advDataEntry                                                              
20004b1c  l2capFixedChannels                                                        
20004b4c  linkCBs                                                                   
20004b7c  eccParams                                                                 
20004bac  initParam                                                                 
20004bd0  scanParam                                                                 
20004bf4  advParam                                                                  
20004c14  cryptoPRAND                                                               
20004c34  txModemTestCmd                                                            
20004c50  gapParams                                                                 
20004c6c  initCmd                                                                   
20004c84  connReqData                                                               
20004c9c  scanCmd                                                                   
20004cb4  scanOutput                                                                
20004ccc  trxTestCmd                                                                
20004ce4  rxModemTestCmd                                                            
20004cfc  rsp                                                                       
20004d14  fwParDtmCmd                                                               
20004d2c  rfSetup                                                                   
20004d44  fwParRfCmd                                                                
20004d5c  connOutput                                                                
20004d70  rxTestParam                                                               
20004d84  initDataQueue                                                             
20004d94  scanDataQueue                                                             
20004da4  advDataQueue                                                              
20004db4  advOutput                                                                 
20004dc4  txTestParam                                                               
20004dd4  initOutput                                                                
20004de0  rxTestOut                                                                 
20004dec  deviceFeatureSet                                                          
20004df8  cachedTRNGdata                                                            
20004e04  gapCurrentRandomAddr                                                      
20004e0c  slaveUpdateReq                                                            
20004e14  pBleEvtMask                                                               
20004e1c  pHciEvtMask                                                               
20004e24  pHciEvtMask2                                                              
20004e2c  ownPublicAddr                                                             
20004e34  ownRandomAddr                                                             
20004e3c  ownSavedPublicAddr                                                        
20004e44  fwImmedCmd                                                                
20004e4c  attServerNotifyTxCB                                                       
20004e50  rfEvent                                                                   
20004e58  fwParCmd                                                                  
20004e60  verInfo                                                                   
20004e68  llConns                                                                   
20004e70  fwParamImmedCmd                                                           
20004e78  privInfo                                                                  
20004e80  linkCmd                                                                   
20004e84  linkParam                                                                 
20004e88  rxDataQ                                                                   
20004e8c  txDataQ                                                                   
20004e90  rxRingBuf                                                                 
20004e94  txTestOut                                                                 
20004e98  pGapDiscReq                                                               
20004e9c  pGapAdvertState                                                           
20004ea0  pEstLink                                                                  
20004ea4  pAuthLink                                                                 
20004ea8  pfnCentralConnCBs                                                         
20004eac  pfnPeripheralConnCBs                                                      
20004eb0  pGapAdvTokens                                                             
20004eb4  pGapAdData                                                                
20004eb8  pGapScanRspData                                                           
20004ebc  pfnPeripheralCBs                                                          
20004ec0  pfnCentralCBs                                                             
20004ec4  pfnBondMgrCBs                                                             
20004ec8  serverInfoTbl                                                             
20004ecc  pServiceList                                                              
20004ed0  pfnServerProcessMsgCB                                                     
20004ed4  pfnClientProcessMsgCB                                                     
20004ed8  prepareWritesTbl                                                          
20004edc  serviceCBsList                                                            
20004ee0  pAttrValue                                                                
20004ee4  l2capChannels                                                             
20004ee8  linkDB                                                                    
20004eec  rfHandle                                                                  
20004ef0  rfDrvTblPtr                                                               
20004ef4  eccDrvTblPtr                                                              
20004ef8  cryptoDrvTblPtr                                                           
20004efc  trngDrvTblPtr                                                             
20004f00  activeConns                                                               
20004f04  SysBootMsg                                                                
20004f08  sclkSrc                                                                   
20004f0c  buildInfo                                                                 
20004f10  advInfo                                                                   
20004f14  scanInfo                                                                  
20004f18  initInfo                                                                  
20004f1c  dtmInfo                                                                   
20004f20  taskEndAction                                                             
20004f24  encParams                                                                 
20004f28  encHandle                                                                 
20004f2c  encKey                                                                    
20004f30  pPairingParams                                                            
20004f34  pfnResponderCBs                                                           
20004f38  pfnInitiatorCBs                                                           
20004f3c  gapLimitedAdvertisingTimeout                                              
20004f3e  attrLen                                                                   
20004f40  numHostBufs                                                               
20004f42  rfCmdHandle                                                               
20004f44  connInitialMaxTxOctets                                                    
20004f46  connInitialMaxTxTime                                                      
20004f48  supportedMaxTxOctets                                                      
20004f4a  supportedMaxTxTime                                                        
20004f4c  supportedMaxRxOctets                                                      
20004f4e  supportedMaxRxTime                                                        
20004f50  taskEndStatus                                                             
20004f52  postRfOperations                                                          
20004f54  rfCfgAdiVal                                                               
20004f58  gapProfileRole                                                            
20004f59  gapDeviceAddrMode                                                         
20004f5a  gapState                                                                  
20004f5b  terminateAllTaskID                                                        
20004f5c  terminateReason                                                           
20004f5d  gapTaskID                                                                 
20004f5e  gattNumConns                                                              
20004f5f  gattTaskID                                                                
20004f60  GATTServApp_TaskID                                                        
20004f61  maxNumPrepareWrites                                                       
20004f62  hciPTMenabled                                                             
20004f63  ctrlToHostEnable                                                          
20004f64  l2capFlowCtrlMode                                                         
20004f65  l2capTaskID                                                               
20004f66  l2capNumChannels                                                          
20004f67  l2capNumDataPkts                                                          
20004f68  l2capId                                                                   
20004f69  linkDBNumConns                                                            
20004f6a  linkDB_secureConnectionOnlyMode                                           
20004f6b  maxPduSize                                                                
20004f6c  rfFeModeBias                                                              
20004f6d  maxNumTxDataBufs                                                          
20004f6e  LL_TaskID                                                                 
20004f6f  llState                                                                   
20004f70  rssiCorrection                                                            
20004f71  curTxPowerVal                                                             
20004f72  maxTxPwrForDTM                                                            
20004f73  onePktPerEvt                                                              
20004f74  numComplPkts                                                              
20004f75  numComplPktsLimit                                                         
20004f76  numComplPktsFlush                                                         
20004f77  fastTxRespTime                                                            
20004f78  slOverride                                                                
20004f79  rxFifoFlowCtrl                                                            
20004f7a  numTxDataBufs                                                             
20004f7b  maxNumConns                                                               
20004f7c  smTaskID                                                                  
20004f7d  SM_appExpectingKey                                                        
20004f80  ECC_DATA$$Base                                                            
20004f80  eccRom_param_Gx                                                           
20004f84  eccRom_param_Gy                                                           
20004f88  eccRom_workzone                                                           
20004f8c  eccRom_param_p                                                            
20004f90  eccRom_param_r                                                            
20004f94  eccRom_param_a                                                            
20004f98  eccRom_param_b                                                            
20004f9c  eccRom_windowSize                                                         
20004fa0  aux64                                                                     
20004fa8  MOD                                                                       
20004fac  LEN                                                                       
20004fb0  inScalar                                                                  
20004fb4  inPointX                                                                  
20004fb8  inPointY                                                                  
20004fbc  outPointX                                                                 
20004fc0  outPointY                                                                 
20004fc4  SCAL                                                                      
20004fc8  EXPX                                                                      
20004fcc  EXPY                                                                      
20004fd0  EXPZ                                                                      
20004fd4  EXPW                                                                      
20004fd8  ACCX                                                                      
20004fdc  ACCY                                                                      
20004fe0  ACCZ                                                                      
20004fe4  TMP1                                                                      
20004fe8  TMP2                                                                      
20004fec  TMP3                                                                      
20004ff0  TMP4                                                                      
20004ff4  TMP5                                                                      
20004ff8  TMP6                                                                      
20004ffc  MSBMOD                                                                    
20005000  ECC_DATA$$Limit                                                           
20005000  __UNUSED_SRAM_end__                                                       
e000e000  ti_sysbios_family_arm_m3_Hwi_nvic                                         
ffffffff  __TI_pprof_out_hndl                                                       
ffffffff  __TI_prof_data_size                                                       
ffffffff  __TI_prof_data_start                                                      
ffffffff  __binit__                                                                 
ffffffff  __c_args__                                                                
ffffffff  binit                                                                     
UNDEFED   SHT$$INIT_ARRAY$$Base                                                     
UNDEFED   SHT$$INIT_ARRAY$$Limit                                                    

[2302 symbols]
